// Jest Snapshot v1, https://goo.gl/fbAQLP

exports[`PokemonDetails snapshot 1`] = `
<div class="pokemon-details">
  <div class="id"><span class="symbol">#</span> <span class="number">2</span></div>
  <div class="name">
    Ivysaur
  </div>
  <baseimage-stub src="https://raw.githubusercontent.com/PokeAPI/sprites/master/sprites/pokemon/2.png" alt="Image of Ivysaur" class="preview"></baseimage-stub>
  <div>
    Habitat: <b>forest</b></div>
  <div class="actions"><button>
      Edit
    </button></div>
  <!---->
</div>
`;
